// Jest Snapshot v1, https://goo.gl/fbAQLP

exports[`Item component snapshots must be same 1`] = `
<div>
  <h3>
    <Link
      replace={false}
      to="/products/1"
    >
      TEST
      (
      10
      )
    </Link>
  </h3>
  <p>
    10
  </p>
  <button
    onClick={[Function]}
  >
    Sell
  </button>
</div>
`;
